[
{"alert_details":{"subtype":"single","type":"metric"},"description":"cpu.utilization.pct > 9.000000 at least once in the last 0 minutes. Value: 89.0","source":"localhost","alert_id":0,"is_nag":false,"runbook_id":"RB111","recovery":false,"dashboard_url":"https://opentsdb.net/a/0/view","subject":"Subject. Host: localhost","body":"Body\n with many lines. Host: localhost","state_from":"good","state_to":"bad","signature":"ac35660cb4405f38cd8e599778b19808","source_id":"property","external_id":"JAVA","manager":"localhost","agent_time":1563908262,"tags":{"env":"prod","host":"localhost"},"severity":32,"type":"","class":"HORIZON","agent":"OTSDB","agent_location":"JAVA"},
{"alert_details":{"subtype":"single","type":"metric"},"description":"cpu.utilization.pct > 9.000000 at least once in the last 0 minutes. Value: 90.0","source":"localhost","alert_id":0,"is_nag":false,"runbook_id":"RB111","recovery":false,"dashboard_url":"https://opentsdb.net/a/0/view","subject":"Subject. Host: localhost","body":"Body\n with many lines. Host: localhost","state_from":"warn","state_to":"bad","signature":"ecf3172015241d77b57d5aae2fed4aea","source_id":"property","external_id":"JAVA","manager":"localhost","agent_time":1563908262,"tags":{"env":"stage","host":"localhost"},"severity":32,"type":"","class":"HORIZON","agent":"OTSDB","agent_location":"JAVA"},
{"alert_details":{"subtype":"single","type":"metric"},"description":"cpu.utilization.pct > 9.000000 at least once in the last 0 minutes. Value: 91.0","source":"localhost","alert_id":0,"is_nag":false,"runbook_id":"RB111","recovery":false,"dashboard_url":"https://opentsdb.net/a/0/view","subject":"Subject. Host: localhost","body":"Body\n with many lines. Host: localhost","state_from":"good","state_to":"bad","signature":"c19f21402817f57d7e0808cb010c3af7","source_id":"property","external_id":"JAVA","manager":"localhost","agent_time":1563908262,"tags":{"env":"dev","host":"localhost"},"severity":32,"type":"","class":"HORIZON","agent":"OTSDB","agent_location":"JAVA"},
{"alert_details":{"subtype":"single","type":"metric"},"description":"cpu.utilization.pct > 9.000000 at least once in the last 0 minutes. Value: 92.0","source":"localhost","alert_id":0,"is_nag":false,"runbook_id":"RB111","recovery":false,"dashboard_url":"https://opentsdb.net/a/0/view","subject":"Subject. Host: localhost","body":"Body\n with many lines. Host: localhost","state_from":"good","state_to":"bad","signature":"0d538662d226950f8c8ca1b361366557","source_id":"property","external_id":"JAVA","manager":"localhost","agent_time":1563908262,"tags":{"env":"prod-A","host":"localhost"},"severity":32,"type":"","class":"HORIZON","agent":"OTSDB","agent_location":"JAVA"},
{"alert_details":{"subtype":"single","type":"metric"},"description":"visitors.count >= 999.000000 at least once in the last 0 minutes. Value: 999.0","source":"localhost","alert_id":0,"is_nag":false,"runbook_id":"RB111","recovery":false,"dashboard_url":"https://opentsdb.net/a/0/view","subject":"Subject. Host: localhost","body":"Body\n with many lines. Host: localhost","state_from":"good","state_to":"warn","signature":"a04dd1babbfc4a43592c5986ebba0b4c","source_id":"property","external_id":"JAVA","manager":"localhost","agent_time":1563908262,"tags":{"env":"stage","host":"localhost","owner":"skhegay"},"severity":32,"type":"","class":"HORIZON","agent":"OTSDB","agent_location":"JAVA"},
{"alert_details":{"subtype":"single","type":"metric"},"description":"mem.utilization.pct < 67.000000 at least once in the last 0 minutes. Value: 9.0","source":"localhost","alert_id":0,"is_nag":false,"runbook_id":"RB111","recovery":true,"dashboard_url":"https://opentsdb.net/a/0/view","subject":"Subject. Host: localhost","body":"Body\n with many lines. Host: localhost","state_from":"warn","state_to":"good","signature":"b14421969e36fba1776cd49469aff571","source_id":"property","external_id":"JAVA","manager":"localhost","agent_time":1563908262,"tags":{"env":"stage","host":"localhost"},"severity":0,"type":"","class":"HORIZON","agent":"OTSDB","agent_location":"JAVA"},
{"alert_details":{"subtype":"single","type":"metric"},"description":"visitors.count >= 25.000000 at least once in the last 0 minutes. Value: 40.0","source":"remotehost","alert_id":0,"is_nag":false,"runbook_id":"RB111","recovery":true,"dashboard_url":"https://opentsdb.net/a/0/view","subject":"Subject. Host: remotehost","body":"Body\n with many lines. Host: remotehost","state_from":"bad","state_to":"good","signature":"624a34d4759bd2c53e01085879e3a72f","source_id":"property","external_id":"JAVA","manager":"localhost","agent_time":1563908262,"tags":{"env":"prod","host":"remotehost","owner":"chiruvol"},"severity":0,"type":"","class":"HORIZON","agent":"OTSDB","agent_location":"JAVA"},
{"alert_details":{"subtype":"single","type":"metric"},"description":"visitors.count >= 25.000000 at least once in the last 0 minutes. Value: 40.0","source":"remotehost","alert_id":0,"is_nag":false,"runbook_id":"RB111","recovery":true,"dashboard_url":"https://opentsdb.net/a/0/view","subject":"Subject. Host: remotehost","body":"Body\n with many lines. Host: remotehost","state_from":"bad","state_to":"good","signature":"624a34d4759bd2c53e01085879e3a72f","source_id":"property","external_id":"JAVA","manager":"localhost","agent_time":1563908262,"tags":{"env":"prod","host":"remotehost","owner":"chiruvol"},"severity":0,"type":"","class":"HORIZON","agent":"OTSDB","agent_location":"JAVA"},
{"alert_details":{"subtype":"single","type":"metric"},"description":"visitors.count >= 25.000000 at least once in the last 0 minutes. Value: 40.0","source":"remotehost","alert_id":0,"is_nag":false,"runbook_id":"RB111","recovery":true,"dashboard_url":"https://opentsdb.net/a/0/view","subject":"Subject. Host: remotehost","body":"Body\n with many lines. Host: remotehost","state_from":"bad","state_to":"good","signature":"4ff6f9e11a85b918c5a67336c128d44d","source_id":"property","external_id":"JAVA","manager":"localhost","agent_time":1563908262,"tags":{"env":"prod","host":"remotehost","owner":"zb"},"severity":0,"type":"","class":"HORIZON","agent":"OTSDB","agent_location":"JAVA"}
]
