[
{"description":"Number of events in Yahoooo filtered by `*:*` has been less than 10 in the last 10 minutes. Counted 5","alert_details":{"type":"event","subtype":null},"source":"remotehost","is_nag":false,"severity":0,"runbook_id":"RB111","recovery":true,"dashboard_url":"https://opentsdb.net/a/0/view","subject":"Subject. Host: remotehost","body":"Body\n with many lines. Host: remotehost","alert_id":0,"tags":{"env":"prod","host":"remotehost","owner":"chiruvol"},"state_from":"bad","state_to":"good","signature":"66f13b5ca611f0f051167cac8b1d2e45","source_id":"property","external_id":"OpenTSDB","manager":"localhost","agent_time":1563908262,"type":"","class":"HORIZON","agent":"OTSDB","agent_location":"OpenTSDB"},
{"description":"Number of events in Yahoooo-Good filtered by `*:*` has been less than 10 in the last 10 minutes. Counted 5","alert_details":{"type":"event","subtype":null},"source":"remotehost","is_nag":false,"severity":32,"runbook_id":"RB111","recovery":false,"dashboard_url":"https://opentsdb.net/a/0/view","subject":"Subject. Host: remotehost","body":"Body\n with many lines. Host: remotehost","alert_id":0,"tags":{"host":"remotehost","owner":"chiruvol"},"state_from":"good","state_to":"bad","signature":"4c8785ae03070af2e7c5566c16d197c6","source_id":"property","external_id":"OpenTSDB","manager":"localhost","agent_time":1563908262,"type":"","class":"HORIZON","agent":"OTSDB","agent_location":"OpenTSDB"},
{"description":"Number of events in Yahoooo-Bad filtered by `*:*` has been less than 10 in the last 10 minutes. Counted 5","alert_details":{"type":"event","subtype":null},"source":"remotehost","is_nag":false,"severity":32,"runbook_id":"RB111","recovery":false,"dashboard_url":"https://opentsdb.net/a/0/view","subject":"Subject. Host: remotehost","body":"Body\n with many lines. Host: remotehost","alert_id":0,"tags":{"host":"remotehost","owner":"chiruvol"},"state_from":"good","state_to":"bad","signature":"9e56ee976afa5ee6209580f47a11e094","source_id":"property","external_id":"OpenTSDB","manager":"localhost","agent_time":1563908262,"type":"","class":"HORIZON","agent":"OTSDB","agent_location":"OpenTSDB"}
]
