[
{"signature":"f0d0c94e0e11614e536608be23e913b2:prism","source":"localhost","description":"Subject. Host: localhost","severity":0,"opsdb_property":"property","event_time_sec":1563908262,"external_id":"OpenTSDB","agent":"corona-notification","agent_location":"localhost","runbook":"RB111","is_production":true,"escalation_tier":2,"graph_url":"https://opentsdb.net/a/0/view","alert":{"id":0,"type":"health_check","type_meta":{},"subject":"Subject. Host: localhost","body":"Body\n with many lines. Host: localhost","description":"test.namespace: test.application was in the good state for at least 9 times.","tags":{"env":"stage","host":"localhost"},"state_from":"warn","state_to":"good","is_nag":false,"_key":"test.namespace.test.application"}},
{"signature":"9d7703dcef99f1441a881bd10833142d:prism","source":"remotehost","description":"Subject. Host: remotehost","severity":0,"opsdb_property":"property","event_time_sec":1563908262,"external_id":"OpenTSDB","agent":"corona-notification","agent_location":"localhost","runbook":"RB111","is_production":true,"escalation_tier":2,"graph_url":"https://opentsdb.net/a/0/view","alert":{"id":0,"type":"health_check","type_meta":{},"subject":"Subject. Host: remotehost","body":"Body\n with many lines. Host: remotehost","description":"test.namespace: test.application was in the good state for at least 9 times.","tags":{"env":"prod","host":"remotehost","owner":"chiruvol"},"state_from":"bad","state_to":"good","is_nag":false,"_key":"test.namespace.test.application"}},
{"signature":"7df7d229ba7b99d2c57858403c5c7ffe:prism","source":"localhost","description":"Subject. Host: localhost","severity":3,"opsdb_property":"property","event_time_sec":1563908262,"external_id":"OpenTSDB","agent":"corona-notification","agent_location":"localhost","runbook":"RB111","is_production":true,"escalation_tier":2,"graph_url":"https://opentsdb.net/a/0/view","alert":{"id":0,"type":"health_check","type_meta":{},"subject":"Subject. Host: localhost","body":"Body\n with many lines. Host: localhost","description":"test.namespace: test.application was in the warn state for at least 9 times.","tags":{"env":"stage","host":"localhost","owner":"skhegay"},"state_from":"good","state_to":"warn","is_nag":false,"_key":"test.namespace.test.application"}},
{"signature":"5302b50168fa72698f913efe05585cf6:prism","source":"localhost","description":"Subject. Host: localhost","severity":3,"opsdb_property":"property","event_time_sec":1563908262,"external_id":"OpenTSDB","agent":"corona-notification","agent_location":"localhost","runbook":"RB111","is_production":true,"escalation_tier":2,"graph_url":"https://opentsdb.net/a/0/view","alert":{"id":0,"type":"health_check","type_meta":{},"subject":"Subject. Host: localhost","body":"Body\n with many lines. Host: localhost","description":"test.namespace: test.application was in the bad state for at least 9 times.","tags":{"env":"prod","host":"localhost"},"state_from":"good","state_to":"bad","is_nag":false,"_key":"test.namespace.test.application"}}
]
