[
{"signature":"4c8785ae03070af2e7c5566c16d197c6:prism","source":"remotehost","description":"Subject. Host: remotehost","severity":3,"opsdb_property":"property","event_time_sec":1563908262,"external_id":"OpenTSDB","agent":"corona-notification","agent_location":"localhost","runbook":"RB111","is_production":true,"escalation_tier":2,"graph_url":"https://opentsdb.net/a/0/view","alert":{"id":0,"type":"event","type_meta":{},"subject":"Subject. Host: remotehost","body":"Body\n with many lines. Host: remotehost","description":"Number of events in Yahoooo-Good filtered by `*:*` has been less than 10 in the last 10 minutes. Counted 5","tags":{"host":"remotehost","owner":"chiruvol"},"state_from":"good","state_to":"bad","is_nag":false,"_key":"Yahoooo-Good"}},
{"signature":"9e56ee976afa5ee6209580f47a11e094:prism","source":"remotehost","description":"Subject. Host: remotehost","severity":3,"opsdb_property":"property","event_time_sec":1563908262,"external_id":"OpenTSDB","agent":"corona-notification","agent_location":"localhost","runbook":"RB111","is_production":true,"escalation_tier":2,"graph_url":"https://opentsdb.net/a/0/view","alert":{"id":0,"type":"event","type_meta":{},"subject":"Subject. Host: remotehost","body":"Body\n with many lines. Host: remotehost","description":"Number of events in Yahoooo-Bad filtered by `*:*` has been less than 10 in the last 10 minutes. Counted 5","tags":{"host":"remotehost","owner":"chiruvol"},"state_from":"good","state_to":"bad","is_nag":false,"_key":"Yahoooo-Bad"}},
{"signature":"66f13b5ca611f0f051167cac8b1d2e45:prism","source":"remotehost","description":"Subject. Host: remotehost","severity":0,"opsdb_property":"property","event_time_sec":1563908262,"external_id":"OpenTSDB","agent":"corona-notification","agent_location":"localhost","runbook":"RB111","is_production":true,"escalation_tier":2,"graph_url":"https://opentsdb.net/a/0/view","alert":{"id":0,"type":"event","type_meta":{},"subject":"Subject. Host: remotehost","body":"Body\n with many lines. Host: remotehost","description":"Number of events in Yahoooo filtered by `*:*` has been less than 10 in the last 10 minutes. Counted 5","tags":{"env":"prod","host":"remotehost","owner":"chiruvol"},"state_from":"bad","state_to":"good","is_nag":false,"_key":"Yahoooo"}}
]
