[
{"alert":{"tags":{"emitter":"oc","host":"localhost"},"id":0,"is_nag":false,"state_from":"bad","state_to":"good","description":"Observed value 5.000000 within 3.000000 and NaN (2.000000 units below and 4.000000% above predicted 10.000000)","_key":"OpenTSDB.<unknown>","type":"period_over_period","type_meta":{},"body":"Body\n with many lines. Host: localhost","subject":"Subject. Host: localhost"},"description":"Subject. Host: localhost","is_production":true,"severity":0,"agent":"corona-notification","agent_location":"localhost","runbook":"RB111","escalation_tier":2,"source":"localhost","signature":"b3f4ff050862bcf47c82e6d42c75afdc:prism","opsdb_property":"property","event_time_sec":1574760300,"external_id":"OpenTSDB","graph_url":"https://opentsdb.net/a/0/view"},
{"alert":{"tags":{"emitter":"oc","host":"localhost"},"id":0,"is_nag":false,"state_from":"bad","state_to":"good","description":"Observed value 5.000000 within 3.000000 and 4.000000 (2.000000 units below and 4.000000% above predicted 10.000000)","_key":"OpenTSDB.<unknown>","type":"period_over_period","type_meta":{},"body":"Body\n with many lines. Host: localhost","subject":"Subject. Host: localhost"},"description":"Subject. Host: localhost","is_production":true,"severity":0,"agent":"corona-notification","agent_location":"localhost","runbook":"RB111","escalation_tier":2,"source":"localhost","signature":"b3f4ff050862bcf47c82e6d42c75afdc:prism","opsdb_property":"property","event_time_sec":1574760300,"external_id":"OpenTSDB","graph_url":"https://opentsdb.net/a/0/view"}
]
