[
{"signature":"ac35660cb4405f38cd8e599778b19808:prism","source":"localhost","description":"Subject. Host: localhost","severity":3,"opsdb_property":"property","event_time_sec":1563908262,"external_id":"JAVA","agent":"corona-notification","agent_location":"localhost","runbook":"RB111","is_production":true,"escalation_tier":2,"graph_url":"https://opentsdb.net/a/0/view","alert":{"id":0,"type":"single_metric","type_meta":{},"subject":"Subject. Host: localhost","body":"Body\n with many lines. Host: localhost","description":"cpu.utilization.pct > 9.000000 at least once in the last 0 minutes. Value: 89.0","tags":{"env":"prod","host":"localhost"},"state_from":"good","state_to":"bad","is_nag":false,"_key":"JAVA.cpu.utilization.pct"}},
{"signature":"ecf3172015241d77b57d5aae2fed4aea:prism","source":"localhost","description":"Subject. Host: localhost","severity":3,"opsdb_property":"property","event_time_sec":1563908262,"external_id":"JAVA","agent":"corona-notification","agent_location":"localhost","runbook":"RB111","is_production":true,"escalation_tier":2,"graph_url":"https://opentsdb.net/a/0/view","alert":{"id":0,"type":"single_metric","type_meta":{},"subject":"Subject. Host: localhost","body":"Body\n with many lines. Host: localhost","description":"cpu.utilization.pct > 9.000000 at least once in the last 0 minutes. Value: 90.0","tags":{"env":"stage","host":"localhost"},"state_from":"warn","state_to":"bad","is_nag":false,"_key":"JAVA.cpu.utilization.pct"}},
{"signature":"c19f21402817f57d7e0808cb010c3af7:prism","source":"localhost","description":"Subject. Host: localhost","severity":3,"opsdb_property":"property","event_time_sec":1563908262,"external_id":"JAVA","agent":"corona-notification","agent_location":"localhost","runbook":"RB111","is_production":true,"escalation_tier":2,"graph_url":"https://opentsdb.net/a/0/view","alert":{"id":0,"type":"single_metric","type_meta":{},"subject":"Subject. Host: localhost","body":"Body\n with many lines. Host: localhost","description":"cpu.utilization.pct > 9.000000 at least once in the last 0 minutes. Value: 91.0","tags":{"env":"dev","host":"localhost"},"state_from":"good","state_to":"bad","is_nag":false,"_key":"JAVA.cpu.utilization.pct"}},
{"signature":"0d538662d226950f8c8ca1b361366557:prism","source":"localhost","description":"Subject. Host: localhost","severity":3,"opsdb_property":"property","event_time_sec":1563908262,"external_id":"JAVA","agent":"corona-notification","agent_location":"localhost","runbook":"RB111","is_production":true,"escalation_tier":2,"graph_url":"https://opentsdb.net/a/0/view","alert":{"id":0,"type":"single_metric","type_meta":{},"subject":"Subject. Host: localhost","body":"Body\n with many lines. Host: localhost","description":"cpu.utilization.pct > 9.000000 at least once in the last 0 minutes. Value: 92.0","tags":{"env":"prod-A","host":"localhost"},"state_from":"good","state_to":"bad","is_nag":false,"_key":"JAVA.cpu.utilization.pct"}},
{"signature":"a04dd1babbfc4a43592c5986ebba0b4c:prism","source":"localhost","description":"Subject. Host: localhost","severity":3,"opsdb_property":"property","event_time_sec":1563908262,"external_id":"JAVA","agent":"corona-notification","agent_location":"localhost","runbook":"RB111","is_production":true,"escalation_tier":2,"graph_url":"https://opentsdb.net/a/0/view","alert":{"id":0,"type":"single_metric","type_meta":{},"subject":"Subject. Host: localhost","body":"Body\n with many lines. Host: localhost","description":"visitors.count >= 999.000000 at least once in the last 0 minutes. Value: 999.0","tags":{"env":"stage","host":"localhost","owner":"skhegay"},"state_from":"good","state_to":"warn","is_nag":false,"_key":"JAVA.visitors.count"}},
{"signature":"b14421969e36fba1776cd49469aff571:prism","source":"localhost","description":"Subject. Host: localhost","severity":0,"opsdb_property":"property","event_time_sec":1563908262,"external_id":"JAVA","agent":"corona-notification","agent_location":"localhost","runbook":"RB111","is_production":true,"escalation_tier":2,"graph_url":"https://opentsdb.net/a/0/view","alert":{"id":0,"type":"single_metric","type_meta":{},"subject":"Subject. Host: localhost","body":"Body\n with many lines. Host: localhost","description":"mem.utilization.pct < 67.000000 at least once in the last 0 minutes. Value: 9.0","tags":{"env":"stage","host":"localhost"},"state_from":"warn","state_to":"good","is_nag":false,"_key":"JAVA.mem.utilization.pct"}},
{"signature":"624a34d4759bd2c53e01085879e3a72f:prism","source":"remotehost","description":"Subject. Host: remotehost","severity":0,"opsdb_property":"property","event_time_sec":1563908262,"external_id":"JAVA","agent":"corona-notification","agent_location":"localhost","runbook":"RB111","is_production":true,"escalation_tier":2,"graph_url":"https://opentsdb.net/a/0/view","alert":{"id":0,"type":"single_metric","type_meta":{},"subject":"Subject. Host: remotehost","body":"Body\n with many lines. Host: remotehost","description":"visitors.count >= 25.000000 at least once in the last 0 minutes. Value: 40.0","tags":{"env":"prod","host":"remotehost","owner":"chiruvol"},"state_from":"bad","state_to":"good","is_nag":false,"_key":"JAVA.visitors.count"}},
{"signature":"624a34d4759bd2c53e01085879e3a72f:prism","source":"remotehost","description":"Subject. Host: remotehost","severity":0,"opsdb_property":"property","event_time_sec":1563908262,"external_id":"JAVA","agent":"corona-notification","agent_location":"localhost","runbook":"RB111","is_production":true,"escalation_tier":2,"graph_url":"https://opentsdb.net/a/0/view","alert":{"id":0,"type":"single_metric","type_meta":{},"subject":"Subject. Host: remotehost","body":"Body\n with many lines. Host: remotehost","description":"visitors.count >= 25.000000 at least once in the last 0 minutes. Value: 40.0","tags":{"env":"prod","host":"remotehost","owner":"chiruvol"},"state_from":"bad","state_to":"good","is_nag":false,"_key":"JAVA.visitors.count"}},
{"signature":"4ff6f9e11a85b918c5a67336c128d44d:prism","source":"remotehost","description":"Subject. Host: remotehost","severity":0,"opsdb_property":"property","event_time_sec":1563908262,"external_id":"JAVA","agent":"corona-notification","agent_location":"localhost","runbook":"RB111","is_production":true,"escalation_tier":2,"graph_url":"https://opentsdb.net/a/0/view","alert":{"id":0,"type":"single_metric","type_meta":{},"subject":"Subject. Host: remotehost","body":"Body\n with many lines. Host: remotehost","description":"visitors.count >= 25.000000 at least once in the last 0 minutes. Value: 40.0","tags":{"env":"prod","host":"remotehost","owner":"zb"},"state_from":"bad","state_to":"good","is_nag":false,"_key":"JAVA.visitors.count"}}
]
