[
{"alert_id":0, "body":"Body\n with many lines. Host: remotehost", "description":"Number of events in Yahoooo filtered by `*:*` has been less than 10 in the last 10 minutes", "is_nag":false, "namespace":"OpenTSDB", "is_snoozed":false, "state_from":"bad", "state_to":"good", "subject":"Subject. Host: remotehost", "tags":{"env":"prod","host":"remotehost","owner":"chiruvol"}, "alert_time_sec":1563908262, "url":"https://opentsdb.net/a/0/view", "type":"event", "signature":"66f13b5ca611f0f051167cac8b1d2e45", "is_recovery":true},
{"alert_id":0, "body":"Body\n with many lines. Host: remotehost", "description":"Number of events in Yahoooo-Good filtered by `*:*` has been less than 10 in the last 10 minutes", "is_nag":false, "namespace":"OpenTSDB", "is_snoozed":false, "state_from":"good", "state_to":"bad", "subject":"Subject. Host: remotehost", "tags":{"host":"remotehost","owner":"chiruvol"}, "alert_time_sec":1563908262, "url":"https://opentsdb.net/a/0/view", "type":"event", "signature":"4c8785ae03070af2e7c5566c16d197c6", "is_recovery":false},
{"alert_id":0, "body":"Body\n with many lines. Host: remotehost", "description":"Number of events in Yahoooo-Bad filtered by `*:*` has been less than 10 in the last 10 minutes", "is_nag":false, "namespace":"OpenTSDB", "is_snoozed":false, "state_from":"good", "state_to":"bad", "subject":"Subject. Host: remotehost", "tags":{"host":"remotehost","owner":"chiruvol"}, "alert_time_sec":1563908262, "url":"https://opentsdb.net/a/0/view", "type":"event", "signature":"9e56ee976afa5ee6209580f47a11e094", "is_recovery":false}
]
