[
{"alert_id":0, "body":"Body\n with many lines. Host: localhost", "description":"test.namespace: test.application was in the good state for at least 9 times.", "is_nag":false, "namespace":"OpenTSDB", "is_snoozed":false, "state_from":"warn", "state_to":"good", "subject":"Subject. Host: localhost", "tags":{"env":"stage","host":"localhost"}, "alert_time_sec":1563908262, "url":"https://opentsdb.net/a/0/view", "type":"health_check", "signature":"f0d0c94e0e11614e536608be23e913b2", "is_recovery": true},
{"alert_id":0, "body":"Body\n with many lines. Host: remotehost", "description":"test.namespace: test.application was in the good state for at least 9 times.", "is_nag":false, "namespace":"OpenTSDB", "is_snoozed":false, "state_from":"bad", "state_to":"good", "subject":"Subject. Host: remotehost", "tags":{"env":"prod","host":"remotehost","owner":"chiruvol"}, "alert_time_sec":1563908262, "url":"https://opentsdb.net/a/0/view", "type":"health_check", "signature":"9d7703dcef99f1441a881bd10833142d", "is_recovery": true},
{"alert_id":0, "body":"Body\n with many lines. Host: localhost", "description":"test.namespace: test.application was in the warn state for at least 9 times.", "is_nag":false, "namespace":"OpenTSDB", "is_snoozed":false, "state_from":"good", "state_to":"warn", "subject":"Subject. Host: localhost", "tags":{"env":"stage","host":"localhost","owner":"skhegay"}, "alert_time_sec":1563908262, "url":"https://opentsdb.net/a/0/view", "type":"health_check", "signature":"7df7d229ba7b99d2c57858403c5c7ffe", "is_recovery": false},
{"alert_id":0, "body":"Body\n with many lines. Host: localhost", "description":"test.namespace: test.application was in the bad state for at least 9 times.", "is_nag":false, "namespace":"OpenTSDB", "is_snoozed":false, "state_from":"good", "state_to":"bad", "subject":"Subject. Host: localhost", "tags":{"env":"prod","host":"localhost"}, "alert_time_sec":1563908262, "url":"https://opentsdb.net/a/0/view", "type":"health_check", "signature":"5302b50168fa72698f913efe05585cf6", "is_recovery": false}
]
