[
{"alert_id":0, "body":"Body\n with many lines. Host: localhost", "description":"Observed value 5.000000 within 3.000000 and NaN (2.000000 units below and 4.000000% above predicted 10.000000)", "is_nag":false, "namespace":"OpenTSDB", "is_snoozed":false, "state_from":"bad", "state_to":"good", "subject":"Subject. Host: localhost", "tags":{"emitter":"oc","host":"localhost"}, "alert_time_sec":1574760300, "url":"https://opentsdb.net/a/0/view", "type":"period_over_period", "signature":"b3f4ff050862bcf47c82e6d42c75afdc", "is_recovery":true},
{"alert_id":0, "body":"Body\n with many lines. Host: localhost", "description":"Observed value 5.000000 within 3.000000 and 4.000000 (2.000000 units below and 4.000000% above predicted 10.000000)", "is_nag":false, "namespace":"OpenTSDB", "is_snoozed":false, "state_from":"bad", "state_to":"good", "subject":"Subject. Host: localhost", "tags":{"emitter":"oc","host":"localhost"}, "alert_time_sec":1574760300, "url":"https://opentsdb.net/a/0/view", "type":"period_over_period", "signature":"b3f4ff050862bcf47c82e6d42c75afdc", "is_recovery":true}
]
