[
{"alert_id":0, "body":"Body\n with many lines. Host: localhost", "description":"visitors.count >= 999.000000 at least once in the last 0 minutes", "is_nag":false, "namespace":"JAVA", "is_snoozed":false, "state_from":"good", "state_to":"warn", "subject":"Subject. Host: localhost", "tags":{"env":"stage","host":"localhost","owner":"skhegay"}, "alert_time_sec":1563908262, "url":"https://opentsdb.net/a/0/view", "metric":"visitors.count", "value":999.0, "type":"single_metric", "signature":"a04dd1babbfc4a43592c5986ebba0b4c", "is_recovery":false},
{"alert_id":0, "body":"Body\n with many lines. Host: remotehost", "description":"visitors.count >= 25.000000 at least once in the last 0 minutes", "is_nag":false, "namespace":"JAVA", "is_snoozed":false, "state_from":"bad", "state_to":"good", "subject":"Subject. Host: remotehost", "tags":{"env":"prod","host":"remotehost","owner":"chiruvol"}, "alert_time_sec":1563908262, "url":"https://opentsdb.net/a/0/view", "metric":"visitors.count", "value":40.0, "type":"single_metric","signature":"624a34d4759bd2c53e01085879e3a72f", "is_recovery":true},
{"alert_id":0, "body":"Body\n with many lines. Host: remotehost", "description":"visitors.count >= 25.000000 at least once in the last 0 minutes", "is_nag":false, "namespace":"JAVA", "is_snoozed":true, "state_from":"bad", "state_to":"good", "subject":"Subject. Host: remotehost", "tags":{"env":"prod","host":"remotehost","owner":"chiruvol"}, "alert_time_sec":1563908262, "url":"https://opentsdb.net/a/0/view", "metric":"visitors.count", "value":40.0, "type":"single_metric","signature":"624a34d4759bd2c53e01085879e3a72f", "is_recovery":true},
{"alert_id":0, "body":"Body\n with many lines. Host: remotehost", "description":"visitors.count >= 25.000000 at least once in the last 0 minutes", "is_nag":false, "namespace":"JAVA", "is_snoozed":true, "state_from":"bad", "state_to":"good", "subject":"Subject. Host: remotehost", "tags":{"env":"prod","host":"remotehost","owner":"zb"}, "alert_time_sec":1563908262, "url":"https://opentsdb.net/a/0/view", "metric":"visitors.count", "value":40.0, "type":"single_metric","signature":"4ff6f9e11a85b918c5a67336c128d44d", "is_recovery":true},
{"alert_id":0, "body":"Body\n with many lines. Host: localhost", "description":"cpu.utilization.pct > 9.000000 at least once in the last 0 minutes", "is_nag":false, "namespace":"JAVA", "is_snoozed":true, "state_from":"good", "state_to":"bad", "subject":"Subject. Host: localhost", "tags":{"env":"prod","host":"localhost"}, "alert_time_sec":1563908262, "url":"https://opentsdb.net/a/0/view", "metric":"cpu.utilization.pct", "value":89.0, "type":"single_metric","signature":"ac35660cb4405f38cd8e599778b19808", "is_recovery":false},
{"alert_id":0, "body":"Body\n with many lines. Host: localhost", "description":"cpu.utilization.pct > 9.000000 at least once in the last 0 minutes", "is_nag":false, "namespace":"JAVA", "is_snoozed":true, "state_from":"warn", "state_to":"bad", "subject":"Subject. Host: localhost", "tags":{"env":"stage","host":"localhost"}, "alert_time_sec":1563908262, "url":"https://opentsdb.net/a/0/view", "metric":"cpu.utilization.pct", "value":90.0, "type":"single_metric","signature":"ecf3172015241d77b57d5aae2fed4aea", "is_recovery":false},
{"alert_id":0, "body":"Body\n with many lines. Host: localhost", "description":"mem.utilization.pct < 67.000000 at least once in the last 0 minutes", "is_nag":false, "namespace":"JAVA", "is_snoozed":false, "state_from":"warn", "state_to":"good", "subject":"Subject. Host: localhost", "tags":{"env":"stage","host":"localhost"}, "alert_time_sec":1563908262, "url":"https://opentsdb.net/a/0/view", "metric":"mem.utilization.pct", "value":9.0, "type":"single_metric","signature":"b14421969e36fba1776cd49469aff571", "is_recovery":true},
{"alert_id":0, "body":"Body\n with many lines. Host: localhost", "description":"cpu.utilization.pct > 9.000000 at least once in the last 0 minutes", "is_nag":false, "namespace":"JAVA", "is_snoozed":true, "state_from":"good", "state_to":"bad", "subject":"Subject. Host: localhost", "tags":{"env":"dev","host":"localhost"}, "alert_time_sec":1563908262, "url":"https://opentsdb.net/a/0/view", "metric":"cpu.utilization.pct", "value":91.0, "type":"single_metric","signature":"c19f21402817f57d7e0808cb010c3af7", "is_recovery":false},
{"alert_id":0, "body":"Body\n with many lines. Host: localhost", "description":"cpu.utilization.pct > 9.000000 at least once in the last 0 minutes", "is_nag":false, "namespace":"JAVA", "is_snoozed":true, "state_from":"good", "state_to":"bad", "subject":"Subject. Host: localhost", "tags":{"env":"prod-A","host":"localhost"}, "alert_time_sec":1563908262, "url":"https://opentsdb.net/a/0/view", "metric":"cpu.utilization.pct", "value":92.0, "type":"single_metric","signature":"0d538662d226950f8c8ca1b361366557", "is_recovery":false}
]
