{"_logged_at":"Thu Jan 1, 1970 12:00:00 AM UTC","ts":"Tue Jul 23, 2019 06:57:42 PM UTC","namespace":"OpenTSDB","alert_id":0,"state_from":"good","state_to":"bad","description":"cpu.utilization.pct > 9.000000 at least once in the last 0 minutes","url":"https://opentsdb.net/a/0/view","snoozed":true,"nag":false,"tags":{"env":"prod","host":"localhost"},"contacts":["bob@opentsdb.net","test@opentsdb.net","Test HTTP Contact","Test OC Contact","Test OpsGenie Contact","Test Slack Contact","Test PagerDuty Contact"],"subject":"Metadata Subject: localhost","body":"Metadata Body: localhost","alert_type":"SINGLE_METRIC","metric":"cpu.utilization.pct","value":89.0}
{"_logged_at":"Thu Jan 1, 1970 12:00:00 AM UTC","ts":"Tue Jul 23, 2019 06:57:42 PM UTC","namespace":"OpenTSDB","alert_id":0,"state_from":"warn","state_to":"bad","description":"cpu.utilization.pct > 9.000000 at least once in the last 0 minutes","url":"https://opentsdb.net/a/0/view","snoozed":true,"nag":false,"tags":{"env":"stage","host":"localhost"},"contacts":["bob@opentsdb.net","test@opentsdb.net","Test HTTP Contact","Test OC Contact","Test OpsGenie Contact","Test Slack Contact","Test PagerDuty Contact"],"subject":"Metadata Subject: localhost","body":"Metadata Body: localhost","alert_type":"SINGLE_METRIC","metric":"cpu.utilization.pct","value":90.0}
{"_logged_at":"Thu Jan 1, 1970 12:00:00 AM UTC","ts":"Tue Jul 23, 2019 06:57:42 PM UTC","namespace":"OpenTSDB","alert_id":0,"state_from":"good","state_to":"bad","description":"cpu.utilization.pct > 9.000000 at least once in the last 0 minutes","url":"https://opentsdb.net/a/0/view","snoozed":true,"nag":false,"tags":{"env":"dev","host":"localhost"},"contacts":["bob@opentsdb.net","test@opentsdb.net","Test HTTP Contact","Test OC Contact","Test OpsGenie Contact","Test Slack Contact","Test PagerDuty Contact"],"subject":"Metadata Subject: localhost","body":"Metadata Body: localhost","alert_type":"SINGLE_METRIC","metric":"cpu.utilization.pct","value":91.0}
{"_logged_at":"Thu Jan 1, 1970 12:00:00 AM UTC","ts":"Tue Jul 23, 2019 06:57:42 PM UTC","namespace":"OpenTSDB","alert_id":0,"state_from":"good","state_to":"bad","description":"cpu.utilization.pct > 9.000000 at least once in the last 0 minutes","url":"https://opentsdb.net/a/0/view","snoozed":true,"nag":false,"tags":{"env":"prod-A","host":"localhost"},"contacts":["bob@opentsdb.net","test@opentsdb.net","Test HTTP Contact","Test OC Contact","Test OpsGenie Contact","Test Slack Contact","Test PagerDuty Contact"],"subject":"Metadata Subject: localhost","body":"Metadata Body: localhost","alert_type":"SINGLE_METRIC","metric":"cpu.utilization.pct","value":92.0}
{"_logged_at":"Thu Jan 1, 1970 12:00:00 AM UTC","ts":"Tue Jul 23, 2019 06:57:42 PM UTC","namespace":"OpenTSDB","alert_id":0,"state_from":"warn","state_to":"good","description":"mem.utilization.pct < 67.000000 at least once in the last 0 minutes","url":"https://opentsdb.net/a/0/view","snoozed":false,"nag":false,"tags":{"env":"stage","host":"localhost"},"contacts":["bob@opentsdb.net","test@opentsdb.net","Test HTTP Contact","Test OC Contact","Test OpsGenie Contact","Test Slack Contact","Test PagerDuty Contact"],"subject":"Metadata Subject: localhost","body":"Metadata Body: localhost","alert_type":"SINGLE_METRIC","metric":"mem.utilization.pct","value":9.0}
{"_logged_at":"Thu Jan 1, 1970 12:00:00 AM UTC","ts":"Tue Jul 23, 2019 06:57:42 PM UTC","namespace":"OpenTSDB","alert_id":0,"state_from":"good","state_to":"warn","description":"visitors.count >= 999.000000 at least once in the last 0 minutes","url":"https://opentsdb.net/a/0/view","snoozed":false,"nag":false,"tags":{"env":"stage","host":"localhost","owner":"skhegay"},"contacts":["bob@opentsdb.net","test@opentsdb.net","Test HTTP Contact","Test OC Contact","Test OpsGenie Contact","Test Slack Contact","Test PagerDuty Contact"],"subject":"Metadata Subject: localhost","body":"Metadata Body: localhost","alert_type":"SINGLE_METRIC","metric":"visitors.count","value":999.0}
{"_logged_at":"Thu Jan 1, 1970 12:00:00 AM UTC","ts":"Tue Jul 23, 2019 06:57:42 PM UTC","namespace":"OpenTSDB","alert_id":0,"state_from":"bad","state_to":"good","description":"visitors.count >= 25.000000 at least once in the last 0 minutes","url":"https://opentsdb.net/a/0/view","snoozed":false,"nag":false,"tags":{"env":"prod","host":"remotehost","owner":"chiruvol"},"contacts":["bob@opentsdb.net","test@opentsdb.net","Test HTTP Contact","Test OC Contact","Test OpsGenie Contact","Test Slack Contact","Test PagerDuty Contact"],"subject":"Metadata Subject: remotehost","body":"Metadata Body: remotehost","alert_type":"SINGLE_METRIC","metric":"visitors.count","value":40.0}
{"_logged_at":"Thu Jan 1, 1970 12:00:00 AM UTC","ts":"Tue Jul 23, 2019 06:57:42 PM UTC","namespace":"OpenTSDB","alert_id":0,"state_from":"bad","state_to":"good","description":"visitors.count >= 25.000000 at least once in the last 0 minutes","url":"https://opentsdb.net/a/0/view","snoozed":true,"nag":false,"tags":{"env":"prod","host":"remotehost","owner":"chiruvol"},"contacts":["bob@opentsdb.net","test@opentsdb.net","Test HTTP Contact","Test OC Contact","Test OpsGenie Contact","Test Slack Contact","Test PagerDuty Contact"],"subject":"Metadata Subject: remotehost","body":"Metadata Body: remotehost","alert_type":"SINGLE_METRIC","metric":"visitors.count","value":40.0}
{"_logged_at":"Thu Jan 1, 1970 12:00:00 AM UTC","ts":"Tue Jul 23, 2019 06:57:42 PM UTC","namespace":"OpenTSDB","alert_id":0,"state_from":"bad","state_to":"good","description":"visitors.count >= 25.000000 at least once in the last 0 minutes","url":"https://opentsdb.net/a/0/view","snoozed":true,"nag":false,"tags":{"env":"prod","host":"remotehost","owner":"zb"},"contacts":["bob@opentsdb.net","test@opentsdb.net","Test HTTP Contact","Test OC Contact","Test OpsGenie Contact","Test Slack Contact","Test PagerDuty Contact"],"subject":"Metadata Subject: remotehost","body":"Metadata Body: remotehost","alert_type":"SINGLE_METRIC","metric":"visitors.count","value":40.0}
