{"_logged_at":"Thu Jan 1, 1970 12:00:00 AM UTC","ts":"Tue Jul 23, 2019 06:57:42 PM UTC","namespace":"OpenTSDB","alert_id":0,"state_from":"good","state_to":"bad","description":"test.namespace: test.application was in the bad state for at least 9 times.","url":"https://opentsdb.net/a/0/view","snoozed":false,"nag":false,"tags":{"env":"prod","host":"localhost"},"contacts":["bob@opentsdb.net","test@opentsdb.net","Test HTTP Contact","Test OC Contact","Test OpsGenie Contact","Test Slack Contact"],"subject":"Metadata Subject: localhost","body":"Metadata Body: localhost","alert_type":"HEALTH_CHECK","check_namespace":"test.namespace","check_application":"test.application","check_message":"Very detailed info"}
{"_logged_at":"Thu Jan 1, 1970 12:00:00 AM UTC","ts":"Tue Jul 23, 2019 06:57:42 PM UTC","namespace":"OpenTSDB","alert_id":0,"state_from":"warn","state_to":"good","description":"test.namespace: test.application was in the good state for at least 9 times.","url":"https://opentsdb.net/a/0/view","snoozed":false,"nag":false,"tags":{"env":"stage","host":"localhost"},"contacts":["bob@opentsdb.net","test@opentsdb.net","Test HTTP Contact","Test OC Contact","Test OpsGenie Contact","Test Slack Contact"],"subject":"Metadata Subject: localhost","body":"Metadata Body: localhost","alert_type":"HEALTH_CHECK","check_namespace":"test.namespace","check_application":"test.application","check_message":"Very detailed info"}
{"_logged_at":"Thu Jan 1, 1970 12:00:00 AM UTC","ts":"Tue Jul 23, 2019 06:57:42 PM UTC","namespace":"OpenTSDB","alert_id":0,"state_from":"good","state_to":"warn","description":"test.namespace: test.application was in the warn state for at least 9 times.","url":"https://opentsdb.net/a/0/view","snoozed":false,"nag":false,"tags":{"env":"stage","host":"localhost","owner":"skhegay"},"contacts":["bob@opentsdb.net","test@opentsdb.net","Test HTTP Contact","Test OC Contact","Test OpsGenie Contact","Test Slack Contact"],"subject":"Metadata Subject: localhost","body":"Metadata Body: localhost","alert_type":"HEALTH_CHECK","check_namespace":"test.namespace","check_application":"test.application","check_message":"Very detailed info"}
{"_logged_at":"Thu Jan 1, 1970 12:00:00 AM UTC","ts":"Tue Jul 23, 2019 06:57:42 PM UTC","namespace":"OpenTSDB","alert_id":0,"state_from":"bad","state_to":"good","description":"test.namespace: test.application was in the good state for at least 9 times.","url":"https://opentsdb.net/a/0/view","snoozed":false,"nag":false,"tags":{"env":"prod","host":"remotehost","owner":"chiruvol"},"contacts":["bob@opentsdb.net","test@opentsdb.net","Test HTTP Contact","Test OC Contact","Test OpsGenie Contact","Test Slack Contact"],"subject":"Metadata Subject: remotehost","body":"Metadata Body: remotehost","alert_type":"HEALTH_CHECK","check_namespace":"test.namespace","check_application":"test.application","check_message":"Very detailed info"}
