{"_logged_at":"Thu Jan 1, 1970 12:00:00 AM UTC","ts":"Tue Nov 26, 2019 09:25:00 AM UTC","namespace":"OpenTSDB","alert_id":0,"state_from":"bad","state_to":"good","description":"Observed value 5.000000 within 3.000000 and NaN (2.000000 units below and 4.000000% above predicted 10.000000)","url":"https://opentsdb.net/a/0/view","snoozed":false,"nag":false,"tags":{"emitter":"oc","host":"localhost"},"contacts":["bob@opentsdb.net","test@opentsdb.net","Test HTTP Contact","Test OC Contact","Test OpsGenie Contact","Test Slack Contact","Test PagerDuty Contact"],"subject":"Metadata Subject: localhost","body":"Metadata Body: localhost","alert_type":"PERIOD_OVER_PERIOD","metric":"<unknown>","observed_value":5.0,"predicted_value":10.0,"lower_bad_threshold":"3.0 units","lower_bad_threshold_value":3.0,"lower_warn_threshold":"2.0 units","lower_warn_threshold_value":3.0,"upper_warn_threshold":"4.0%","upper_warn_threshold_value":"NaN","upper_bad_threshold":"3.0%","upper_bad_threshold_value":"NaN"}
{"_logged_at":"Thu Jan 1, 1970 12:00:00 AM UTC","ts":"Tue Nov 26, 2019 09:25:00 AM UTC","namespace":"OpenTSDB","alert_id":0,"state_from":"bad","state_to":"good","description":"Observed value 5.000000 within 3.000000 and 4.000000 (2.000000 units below and 4.000000% above predicted 10.000000)","url":"https://opentsdb.net/a/0/view","snoozed":false,"nag":false,"tags":{"emitter":"oc","host":"localhost"},"contacts":["bob@opentsdb.net","test@opentsdb.net","Test HTTP Contact","Test OC Contact","Test OpsGenie Contact","Test Slack Contact","Test PagerDuty Contact"],"subject":"Metadata Subject: localhost","body":"Metadata Body: localhost","alert_type":"PERIOD_OVER_PERIOD","metric":"<unknown>","observed_value":5.0,"predicted_value":10.0,"lower_bad_threshold":"3.0 units","lower_bad_threshold_value":3.0,"lower_warn_threshold":"2.0 units","lower_warn_threshold_value":3.0,"upper_warn_threshold":"4.0%","upper_warn_threshold_value":4.0,"upper_bad_threshold":"3.0%","upper_bad_threshold_value":40.0}
